// Jest Snapshot v1, https://goo.gl/fbAQLP

exports[`rendered successfiully 1`] = `[Function]`;
